// Jest Snapshot v1, https://jestjs.io/docs/snapshot-testing

exports[`buildPOTemplateData — batched approval history builds the same template data as before 1`] = `
{
  "basicAmount": "1000.00",
  "buyer": {
    "address": null,
    "business_unit_name": "Hotel A-1",
    "contact_person": "Test Contact",
    "email": "test@example.com",
    "gstin": null,
    "name": "Hospitality A",
    "phone": "+91-9999999999",
    "state_name": null,
  },
  "buyer_business_unit_name": "Hotel A-1",
  "commercialEvaluations": {
    "approvers": [
      "A1 Proc Commercial Approver",
      "A1 Proc Finance Approver",
      "A1 Proc Tech Approver",
      "A1 Proc PO Approver",
    ],
    "evaluators": [
      "A1 Proc Buyer",
    ],
  },
  "company": {
    "address": null,
  },
  "company_name": "Hospitality A",
  "created_at": {},
  "delivery_location": "Test Location",
  "deliveryterms": null,
  "globalCharges": null,
  "global_comment": null,
  "gstAmount": "0.00",
  "gstin": null,
  "isAutoPublished": false,
  "items": [
    {
      "basic_amount": "1000.00",
      "charge_details": [],
      "comment": null,
      "delivery_period": null,
      "delivery_period_display": null,
      "effective_tax_rate": "0.00",
      "freight_mode": null,
      "freight_price": "0",
      "gst_amount": "0.00",
      "gst_rate": "0.00",
      "hsn_code": null,
      "id": "<id#1>",
      "other_charges": [],
      "package_mode": null,
      "package_price": "0",
      "product_name": "7 UP PEPSI 1.5 LTR",
      "quantity": "10",
      "quote_item_id": "<quote_item_id#1>",
      "size": null,
      "specification": null,
      "subtotal": "1000.00",
      "tax": "0",
      "tax_amount": "0.00",
      "tax_detail_lines": [
        "GST 0.00% Amt: 0.00",
      ],
      "tax_mode": null,
      "tax_rate_display": "0.00",
      "taxable_amount": "1000.00",
      "total_price": 1000,
      "unit": "units",
      "unit_price": "100",
      "unit_price_display": "100.00",
    },
  ],
  "location": null,
  "paymentTermsList": [],
  "poApprovers": [
    {
      "designation": null,
      "name": "A1 Proc PO Approver",
      "status": "Invited",
      "step_order": 1,
      "timestamp": null,
    },
  ],
  "po_number": "<po_number#1>",
  "project_name": null,
  "rfqApproverName": "A1 Proc Commercial Approver",
  "rfqCreatorName": "A1 Proc Buyer",
  "rfqTerms": [
    {
      "id": null,
      "term_content": "Test RFQ comment",
    },
  ],
  "rfq_no": "<rfq_no#1>",
  "rfq_title": "Perf rich RFQ",
  "summaryTaxRows": [
    {
      "amount": "0.00",
      "label": "GST",
      "rate_display": "0.00",
    },
  ],
  "supplier": {
    "address": null,
    "cin": null,
    "email": "alpha@vendor.test",
    "gstin": null,
    "name": "Alpha Vendor Pvt Ltd",
    "phone": null,
    "state_name": null,
  },
  "taxMode": "gst",
  "tax_mode": "gst",
  "techEvaluations": {
    "approvers": [
      "A1 Proc Tech Approver",
      "A1 Proc Finance Approver",
    ],
    "evaluators": [
      "A1 Proc Buyer",
    ],
  },
  "totalCharges": null,
  "totalPrice": "1000.00",
  "totalSubtotal": "1000.00",
}
`;
