// Jest Snapshot v1, https://jestjs.io/docs/snapshot-testing

exports[`GET /rfq/:rfqId/lifecycle — equivalence + query budget returns the same body as before the batching refactor 1`] = `
{
  "data": {
    "action": {
      "can_approve": true,
      "entity_type": "NEGOTIATION_QUOTE",
      "instance_id": "<instance_id#1>",
      "label": "You have a pending approval action",
      "required": true,
      "step_id": "<step_id#1>",
    },
    "current_status": "PO_APPROVAL",
    "default_stage": "negotiation-award",
    "permissions": {
      "awarding": [],
      "negotiation": [],
      "po": [],
      "quote-compare": [],
      "rfq": [
        "read",
        "create",
      ],
      "te": [],
    },
    "rfq": {
      "bid_end_date": "<ts#19>",
      "created_by": 80011,
      "department_id": "<department_id#1>",
      "hospitality_company_id": "<hospitality_company_id#1>",
      "hotel_id": "<hotel_id#1>",
      "id": "<rfq.id#1>",
      "is_published": 1,
      "is_tender": 0,
      "ra_end_date": null,
      "ra_start_date": null,
      "rfq_no": "<rfq_no#1>",
      "status": 1,
      "title": "Perf rich RFQ",
    },
    "rfq_id": "<rfq_id#1>",
    "stages": [
      {
        "action": null,
        "can_read": true,
        "key": "overview",
        "label": "Overview",
        "phase": {
          "approval_instances": [
            {
              "can_user_approve": false,
              "completed_at": "<ts#1>",
              "created_at": "<ts#2>",
              "current_step": 2,
              "entity_id": "<entity_id#1>",
              "entity_type": "RFQ",
              "id": "<approval_instances.id#1>",
              "initiated_by": {
                "department": "Procurement",
                "designation": null,
                "email": "a1.proc.buyer@test.local",
                "name": "A1 Proc Buyer",
                "user_id": "<user_id#1>",
              },
              "metadata": {
                "rfq_id": "<rfq_id#1>",
              },
              "status": "APPROVED",
              "steps": [
                {
                  "added_mid_flight": false,
                  "approvers": [
                    {
                      "acted_at": "<ts#3>",
                      "added_mid_flight": false,
                      "comment": "ok",
                      "removal_reason": null,
                      "removed_at": null,
                      "status": "APPROVED",
                      "user_department": "Procurement",
                      "user_designation": null,
                      "user_email": "a1.proc.techapp@test.local",
                      "user_id": "<user_id#2>",
                      "user_name": "A1 Proc Tech Approver",
                    },
                    {
                      "acted_at": null,
                      "added_mid_flight": false,
                      "comment": null,
                      "removal_reason": "role_removed",
                      "removed_at": "<ts#4>",
                      "status": "REMOVED",
                      "user_department": "Procurement",
                      "user_designation": null,
                      "user_email": "midflight@test.local",
                      "user_id": "<user_id#3>",
                      "user_name": "Mid-Flight Approver",
                    },
                  ],
                  "completed_at": "<ts#3>",
                  "decision_rule": "ANY",
                  "removed_mid_flight": false,
                  "status": "APPROVED",
                  "step_order": 1,
                },
                {
                  "added_mid_flight": false,
                  "approvers": [
                    {
                      "acted_at": "<ts#5>",
                      "added_mid_flight": false,
                      "comment": null,
                      "removal_reason": null,
                      "removed_at": null,
                      "status": "APPROVED",
                      "user_department": "Procurement",
                      "user_designation": null,
                      "user_email": "a1.proc.finance@test.local",
                      "user_id": "<user_id#4>",
                      "user_name": "A1 Proc Finance Approver",
                    },
                    {
                      "acted_at": "<ts#1>",
                      "added_mid_flight": true,
                      "comment": null,
                      "removal_reason": null,
                      "removed_at": null,
                      "status": "APPROVED",
                      "user_department": "Procurement",
                      "user_designation": null,
                      "user_email": "a1.proc.commapp@test.local",
                      "user_id": "<user_id#5>",
                      "user_name": "A1 Proc Commercial Approver",
                    },
                  ],
                  "completed_at": "<ts#1>",
                  "decision_rule": "ALL",
                  "removed_mid_flight": false,
                  "status": "APPROVED",
                  "step_order": 2,
                },
              ],
              "total_steps": 2,
              "user_approval_step_id": null,
            },
          ],
          "completed_at": "<ts#1>",
          "is_cancelled": false,
          "key": "rfq_approval",
          "label": "RFQ Approval",
          "published_without_approval": false,
          "status": "completed",
          "summary": "Approved by A1 Proc Tech Approver, A1 Proc Finance Approver, A1 Proc Commercial Approver",
        },
        "reason": "done",
        "state": "complete",
        "summary": "Approved by A1 Proc Tech Approver, A1 Proc Finance Approver, A1 Proc Commercial Approver",
      },
      {
        "action": null,
        "can_read": false,
        "key": "technical",
        "label": "Technical Evaluation",
        "phase": {
          "key": "technical",
          "label": "Technical Evaluation",
          "status": "completed",
        },
        "reason": "done",
        "state": "complete",
        "summary": null,
      },
      {
        "action": null,
        "can_read": true,
        "key": "negotiation-award",
        "label": "Negotiation & Award",
        "phase": {
          "action_holders": null,
          "approval_instances": [
            {
              "can_user_approve": false,
              "completed_at": "<ts#14>",
              "created_at": "<ts#13>",
              "current_step": 1,
              "entity_id": "<entity_id#2>",
              "entity_type": "NEGOTIATION_QUOTE",
              "id": "<approval_instances.id#2>",
              "initiated_by": {
                "department": "Procurement",
                "designation": null,
                "email": "a1.proc.buyer@test.local",
                "name": "A1 Proc Buyer",
                "user_id": "<user_id#1>",
              },
              "metadata": {
                "product_name": "7 UP PEPSI 1.5 LTR",
                "rfq_id": "<rfq_id#1>",
                "rfq_product_id": "<rfq_product_id#1>",
              },
              "status": "CANCELLED",
              "steps": [
                {
                  "added_mid_flight": false,
                  "approvers": [
                    {
                      "acted_at": null,
                      "added_mid_flight": false,
                      "comment": null,
                      "removal_reason": null,
                      "removed_at": null,
                      "status": "PENDING",
                      "user_department": "Procurement",
                      "user_designation": null,
                      "user_email": "a1.proc.commapp@test.local",
                      "user_id": "<user_id#5>",
                      "user_name": "A1 Proc Commercial Approver",
                    },
                  ],
                  "completed_at": null,
                  "decision_rule": "ANY",
                  "removed_mid_flight": false,
                  "status": "CANCELLED",
                  "step_order": 1,
                },
              ],
              "total_steps": 1,
              "user_approval_step_id": null,
            },
            {
              "can_user_approve": true,
              "completed_at": null,
              "created_at": "<ts#15>",
              "current_step": 2,
              "entity_id": "<entity_id#3>",
              "entity_type": "NEGOTIATION_QUOTE",
              "id": "<approval_instances.id#3>",
              "initiated_by": {
                "department": "Procurement",
                "designation": null,
                "email": "a1.proc.buyer@test.local",
                "name": "A1 Proc Buyer",
                "user_id": "<user_id#1>",
              },
              "metadata": {
                "product_name": "7 UP PEPSI 330 ML",
                "rfq_id": "<rfq_id#1>",
                "rfq_product_id": "<rfq_product_id#2>",
              },
              "status": "PENDING",
              "steps": [
                {
                  "added_mid_flight": false,
                  "approvers": [
                    {
                      "acted_at": "<ts#16>",
                      "added_mid_flight": false,
                      "comment": null,
                      "removal_reason": null,
                      "removed_at": null,
                      "status": "APPROVED",
                      "user_department": "Procurement",
                      "user_designation": null,
                      "user_email": "a1.proc.commapp@test.local",
                      "user_id": "<user_id#5>",
                      "user_name": "A1 Proc Commercial Approver",
                    },
                    {
                      "acted_at": null,
                      "added_mid_flight": false,
                      "comment": null,
                      "removal_reason": null,
                      "removed_at": null,
                      "status": "PENDING",
                      "user_department": "Procurement",
                      "user_designation": null,
                      "user_email": "a1.proc.techapp@test.local",
                      "user_id": "<user_id#2>",
                      "user_name": "A1 Proc Tech Approver",
                    },
                  ],
                  "completed_at": "<ts#16>",
                  "decision_rule": "ANY",
                  "removed_mid_flight": false,
                  "status": "APPROVED",
                  "step_order": 1,
                },
                {
                  "added_mid_flight": false,
                  "approvers": [
                    {
                      "acted_at": null,
                      "added_mid_flight": false,
                      "comment": null,
                      "removal_reason": null,
                      "removed_at": null,
                      "status": "PENDING",
                      "user_department": "Procurement",
                      "user_designation": null,
                      "user_email": "a1.proc.buyer@test.local",
                      "user_id": "<user_id#1>",
                      "user_name": "A1 Proc Buyer",
                    },
                    {
                      "acted_at": "<ts#17>",
                      "added_mid_flight": false,
                      "comment": null,
                      "removal_reason": null,
                      "removed_at": null,
                      "status": "APPROVED",
                      "user_department": "Procurement",
                      "user_designation": null,
                      "user_email": "a1.proc.finance@test.local",
                      "user_id": "<user_id#4>",
                      "user_name": "A1 Proc Finance Approver",
                    },
                    {
                      "acted_at": null,
                      "added_mid_flight": false,
                      "comment": null,
                      "removal_reason": "user_deactivated",
                      "removed_at": "<ts#18>",
                      "status": "REMOVED",
                      "user_department": "Procurement",
                      "user_designation": null,
                      "user_email": "midflight@test.local",
                      "user_id": "<user_id#3>",
                      "user_name": "Mid-Flight Approver",
                    },
                  ],
                  "completed_at": null,
                  "decision_rule": "ALL",
                  "removed_mid_flight": false,
                  "status": "PENDING",
                  "step_order": 2,
                },
              ],
              "total_steps": 2,
              "user_approval_step_id": "<user_approval_step_id#1>",
            },
          ],
          "awaiting_quotes": null,
          "is_cancelled": false,
          "key": "commercial",
          "label": "Commercial Evaluation",
          "products": [
            {
              "finalization": {
                "finalized_at": "<ts#6>",
                "finalized_by": "A1 Proc Buyer",
                "finalized_price": 100,
                "total_price": 1000,
                "vendor_company": "Alpha Vendor Pvt Ltd",
                "vendor_name": "Alpha Vendor Contact",
              },
              "negotiation_rounds": [
                {
                  "end_date": "<ts#7>",
                  "round_number": 1,
                  "status": "CLOSED",
                  "target_price": 90,
                  "vendors": [
                    {
                      "quoted_price": 94,
                      "submitted_at": "<ts#8>",
                      "vendor_company": "Alpha Vendor Pvt Ltd",
                      "vendor_name": "Alpha Vendor Contact",
                    },
                    {
                      "quoted_price": 109,
                      "submitted_at": "<ts#8>",
                      "vendor_company": "Beta Vendor Pvt Ltd",
                      "vendor_name": "Beta Vendor Contact",
                    },
                  ],
                },
              ],
              "product_id": "<product_id#1>",
              "product_name": "7 UP PEPSI 1.5 LTR",
            },
            {
              "finalization": null,
              "negotiation_rounds": [
                {
                  "end_date": "<ts#9>",
                  "round_number": 1,
                  "status": "CLOSED",
                  "target_price": 90,
                  "vendors": [
                    {
                      "quoted_price": 94,
                      "submitted_at": "<ts#10>",
                      "vendor_company": "Alpha Vendor Pvt Ltd",
                      "vendor_name": "Alpha Vendor Contact",
                    },
                    {
                      "quoted_price": 109,
                      "submitted_at": "<ts#10>",
                      "vendor_company": "Beta Vendor Pvt Ltd",
                      "vendor_name": "Beta Vendor Contact",
                    },
                  ],
                },
                {
                  "end_date": "<ts#11>",
                  "round_number": 2,
                  "status": "ACTIVE",
                  "target_price": 90,
                  "vendors": [
                    {
                      "quoted_price": 93,
                      "submitted_at": "<ts#12>",
                      "vendor_company": "Alpha Vendor Pvt Ltd",
                      "vendor_name": "Alpha Vendor Contact",
                    },
                    {
                      "quoted_price": 108,
                      "submitted_at": "<ts#12>",
                      "vendor_company": "Beta Vendor Pvt Ltd",
                      "vendor_name": "Beta Vendor Contact",
                    },
                  ],
                },
              ],
              "product_id": "<product_id#2>",
              "product_name": "7 UP PEPSI 330 ML",
            },
          ],
          "status": "completed",
          "sub_status": null,
          "summary": "1 product finalized · 3 negotiation rounds",
        },
        "reason": "done",
        "state": "complete",
        "summary": "1 product finalized · 3 negotiation rounds",
      },
      {
        "action": null,
        "can_read": false,
        "key": "purchase-order",
        "label": "Purchase Order",
        "phase": {
          "key": "purchase_order",
          "label": "Purchase Order",
          "status": "current",
        },
        "reason": "in_progress",
        "state": "active",
        "summary": null,
      },
    ],
  },
  "status": 1,
}
`;
