// Jest Snapshot v1, https://jestjs.io/docs/snapshot-testing

exports[`GET /rfq/quote-comparison-view/:id — equivalence + query budget returns the same body as before the parallelisation 1`] = `
{
  "approval_chain": [
    {
      "name": "2 approvers",
      "num": 1,
      "role": "Commercial Approver",
      "you": false,
    },
    {
      "name": "2 approvers",
      "num": 2,
      "role": "RFQ Creator",
      "you": true,
    },
  ],
  "bid_end_date": "<ts>",
  "categories": [
    {
      "id": "<categories.id#1>",
      "name": "BEVERAGES",
    },
  ],
  "has_delivery_charges": false,
  "negotiation_metrics": {
    "achieved_total": 404,
    "achieved_total_awarded": 0,
    "available": true,
    "baseline_sources": {
      "current_quote": 0,
      "none": 0,
      "previous_price": 4,
      "prior_round": 0,
      "quote_history": 0,
    },
    "baseline_total": 426,
    "baseline_total_awarded": 0,
    "gain_pct": 5.16,
    "gain_pct_awarded": null,
    "gain_value": 22,
    "gain_value_awarded": 0,
    "pairs_counted": 4,
    "pairs_counted_awarded": 0,
    "products_negotiated": 2,
    "rounds_cancelled": 0,
    "rounds_created": 3,
    "rounds_ended": 0,
    "rounds_expired": 0,
    "rounds_ran": 3,
  },
  "products": [
    {
      "approval": {
        "current_approvers": [],
        "trail": [
          {
            "approvers": [],
            "by": "A1 Proc Buyer",
            "initials": "AB",
            "key": "sent",
            "reason": null,
            "role": null,
            "status": "done",
            "title": "Sent for approval",
            "when": "<ts>",
          },
          {
            "approvers": [
              {
                "acted_at": null,
                "initials": "AA",
                "name": "A1 Proc Commercial Approver",
                "removal_reason": null,
                "removed_at": null,
                "role": "Commercial Approver",
                "status": "PENDING",
                "user_id": "<user_id#1>",
              },
            ],
            "by": "A1 Proc Commercial Approver",
            "decision_rule": "ANY",
            "initials": "AA",
            "key": "step-1",
            "reason": null,
            "role": "Commercial Approver",
            "status": "pending",
            "title": "L1 approval",
            "when": null,
          },
          {
            "approvers": [],
            "by": null,
            "initials": "",
            "key": "forward",
            "kind": "terminal",
            "note": "Once all approvals are complete",
            "reason": null,
            "role": null,
            "status": "pending",
            "title": "Forwarded to the next stage",
            "when": null,
          },
        ],
      },
      "awaiting_me": false,
      "category": 215,
      "finalized_by": {
        "at": "<ts>",
        "comment": null,
        "name": "A1 Proc Buyer",
      },
      "finalized_vendor": 80101,
      "id": "<products.id#1>",
      "lpr": {
        "date": null,
        "landed_unit": null,
        "qty": null,
        "rate": null,
        "total": null,
      },
      "name": "7 UP PEPSI 1.5 LTR",
      "negotiation": {
        "asks": [],
        "ends_at": "<ts>",
        "invited_count": 2,
        "responded_count": 1,
        "rfq_level_asks": [],
        "round_id": "<round_id#1>",
        "round_position": 1,
        "state": "ready_for_decision",
      },
      "product_variant_id": "<product_variant_id#1>",
      "qty": 10,
      "quoted_count": 1,
      "quotes": {
        "80101": {
          "base": 100,
          "comment": "ok",
          "delivery": null,
          "delivery_charges": 0,
          "docs": 0,
          "finalize": {
            "charges_meta": {
              "freight_mode": null,
              "freight_price": null,
              "other_charges": [],
              "package_mode": null,
              "package_price": null,
              "tax": 0,
              "tax_mode": "percentage",
            },
            "quote_id": "<quote_id#1>",
            "quote_item_id": "<quote_item_id#1>",
            "total_value": 1000,
            "unit_price": 100,
            "vendor_id": "<vendor_id#1>",
          },
          "freight": 0,
          "global_charges": [],
          "history": [],
          "missing": true,
          "negotiation": {
            "amount_basis": "line_total",
            "asks": [],
            "quoted_at": "<ts>",
            "quoted_price": 94,
            "responded": true,
          },
          "other_charges": [],
          "packaging": 0,
          "pay": null,
          "subtotal": 1000,
          "tax_amt": 0,
          "tax_pct": 0,
          "total": 1000,
        },
      },
      "quotes_absence": {},
      "reject_info": null,
      "round": {
        "n": 1,
        "status": "CLOSED",
        "when": "<ts>",
      },
      "state": "open",
      "target": 90,
      "tech": {
        "configured": true,
        "scores": {},
      },
      "unit": "",
      "variant": 0,
    },
    {
      "approval": {
        "current_approvers": [
          {
            "initials": "AB",
            "name": "A1 Proc Buyer",
            "role": "RFQ Creator",
          },
        ],
        "trail": [
          {
            "approvers": [],
            "by": "A1 Proc Buyer",
            "initials": "AB",
            "key": "sent",
            "reason": null,
            "role": null,
            "status": "done",
            "title": "Sent for approval",
            "when": "<ts>",
          },
          {
            "approvers": [
              {
                "acted_at": "<ts>",
                "initials": "AA",
                "name": "A1 Proc Commercial Approver",
                "removal_reason": null,
                "removed_at": null,
                "role": "Commercial Approver",
                "status": "APPROVED",
                "user_id": "<user_id#1>",
              },
              {
                "acted_at": null,
                "initials": "AA",
                "name": "A1 Proc Tech Approver",
                "removal_reason": null,
                "removed_at": null,
                "role": "Technical Approver",
                "status": "PENDING",
                "user_id": "<user_id#2>",
              },
            ],
            "by": "A1 Proc Commercial Approver",
            "decision_rule": "ANY",
            "initials": "AA",
            "key": "step-1",
            "reason": null,
            "role": "Commercial Approver",
            "status": "done",
            "title": "L1 approval",
            "when": "<ts>",
          },
          {
            "approvers": [
              {
                "acted_at": null,
                "initials": "AB",
                "name": "A1 Proc Buyer",
                "removal_reason": null,
                "removed_at": null,
                "role": "RFQ Creator",
                "status": "PENDING",
                "user_id": "<user_id#3>",
              },
              {
                "acted_at": "<ts>",
                "initials": "AA",
                "name": "A1 Proc Finance Approver",
                "removal_reason": null,
                "removed_at": null,
                "role": "Tender Approver",
                "status": "APPROVED",
                "user_id": "<user_id#4>",
              },
              {
                "acted_at": null,
                "initials": "MA",
                "name": "Mid-Flight Approver",
                "removal_reason": "user_deactivated",
                "removed_at": "<ts>",
                "role": "Technical Approver",
                "status": "REMOVED",
                "user_id": "<user_id#5>",
              },
            ],
            "by": "A1 Proc Finance Approver",
            "decision_rule": "ALL",
            "initials": "AA",
            "key": "step-2",
            "reason": null,
            "role": "Tender Approver",
            "status": "current",
            "title": "L2 approval",
            "when": null,
          },
          {
            "approvers": [],
            "by": null,
            "initials": "",
            "key": "forward",
            "kind": "terminal",
            "note": "Once all approvals are complete",
            "reason": null,
            "role": null,
            "status": "pending",
            "title": "Forwarded to the next stage",
            "when": null,
          },
        ],
      },
      "awaiting_me": true,
      "category": 215,
      "finalized_by": null,
      "finalized_vendor": null,
      "id": "<products.id#2>",
      "lpr": {
        "date": null,
        "landed_unit": null,
        "qty": null,
        "rate": null,
        "total": null,
      },
      "name": "7 UP PEPSI 330 ML",
      "negotiation": {
        "asks": [],
        "ends_at": "<ts>",
        "invited_count": 2,
        "responded_count": 1,
        "rfq_level_asks": [],
        "round_id": "<round_id#2>",
        "round_position": 2,
        "state": "ready_for_decision",
      },
      "product_variant_id": "<product_variant_id#2>",
      "qty": 10,
      "quoted_count": 1,
      "quotes": {
        "80101": {
          "base": 150,
          "comment": "ok",
          "delivery": null,
          "delivery_charges": 0,
          "docs": 0,
          "finalize": {
            "charges_meta": {
              "freight_mode": null,
              "freight_price": null,
              "other_charges": [],
              "package_mode": null,
              "package_price": null,
              "tax": 0,
              "tax_mode": "percentage",
            },
            "quote_id": "<quote_id#1>",
            "quote_item_id": "<quote_item_id#2>",
            "total_value": 1500,
            "unit_price": 150,
            "vendor_id": "<vendor_id#1>",
          },
          "freight": 0,
          "global_charges": [],
          "history": [],
          "missing": true,
          "negotiation": {
            "amount_basis": "line_total",
            "asks": [],
            "quoted_at": "<ts>",
            "quoted_price": 93,
            "responded": true,
          },
          "other_charges": [],
          "packaging": 0,
          "pay": null,
          "subtotal": 1500,
          "tax_amt": 0,
          "tax_pct": 0,
          "total": 1500,
        },
      },
      "quotes_absence": {},
      "reject_info": null,
      "round": {
        "n": 2,
        "status": "ENDED",
        "when": "<ts>",
      },
      "state": "open",
      "target": 90,
      "tech": {
        "configured": false,
        "scores": {},
      },
      "unit": "",
      "variant": 0,
    },
  ],
  "quotes_locked": false,
  "rfq": {
    "company": "Hospitality A",
    "contact": "Test Contact",
    "deadline": "<ts>",
    "delivery_location": "Test Location",
    "department": "Procurement",
    "email": "test@example.com",
    "hotel": "Hotel A-1",
    "id": "<rfq.id#1>",
    "number": "<number#1>",
    "phone": "+91-9999999999",
    "project_id": null,
    "quotes_invited": 2,
    "quotes_received": 2,
    "reverse_auction": true,
    "rfq_no": "<rfq_no#1>",
    "rounds": {
      "active": 0,
      "ended": 3,
      "pending": 0,
    },
    "status": "PUBLISHED",
    "tech_clauses": true,
    "title": "Perf rich RFQ",
  },
  "stage_actors": {
    "actors": [
      {
        "is_me": false,
        "name": "A1 Proc PO Approver",
        "role": "Final Awarding P1",
        "user_id": "<user_id#6>",
      },
    ],
    "decision_rule": "ANY",
    "next": null,
    "role_label": "Pending Approvers",
    "stage_label": "Purchase Order",
  },
  "vendors": [
    {
      "id": "<vendors.id#1>",
      "invited_rfqs": "<masked:number>",
      "is_new": "<masked:boolean>",
      "name": "Alpha Vendor Pvt Ltd",
      "on_time_pct": "<masked:null>",
      "orders_done": "<masked:number>",
      "org_name": null,
      "po_value": "<masked:number>",
      "pos_accepted": "<masked:number>",
      "quote_pct": "<masked:number>",
      "quoted_rfqs": "<masked:number>",
      "short": "AL",
      "tech": "cleared",
      "tech_score": null,
      "track_record": "<masked:null>",
    },
  ],
}
`;
